// Jest Snapshot v1, https://goo.gl/fbAQLP

exports[`Users list component: displays a list of users 1`] = `
<div>
  <table
    class="table table-striped table-bordered table-hover"
  >
    <thead>
      <tr>
        <th>
          #
        </th>
        <th>
          First Name
        </th>
        <th>
          Last Name
        </th>
        <th>
          Role
        </th>
        <th>
          Action
        </th>
      </tr>
    </thead>
    <tbody>
      <tr>
        <td>
          0
        </td>
        <td>
          George
        </td>
        <td>
          Daniels
        </td>
        <td>
          developer
        </td>
        <td>
          <button
            class="btn btn-danger"
            type="button"
          >
            <svg
              fill="currentColor"
              height="1em"
              stroke="currentColor"
              stroke-width="0"
              viewBox="0 0 16 16"
              width="1em"
              xmlns="http://www.w3.org/2000/svg"
            >
              <path
                d="M2.5 1a1 1 0 0 0-1 1v1a1 1 0 0 0 1 1H3v9a2 2 0 0 0 2 2h6a2 2 0 0 0 2-2V4h.5a1 1 0 0 0 1-1V2a1 1 0 0 0-1-1H10a1 1 0 0 0-1-1H7a1 1 0 0 0-1 1H2.5zm3 4a.5.5 0 0 1 .5.5v7a.5.5 0 0 1-1 0v-7a.5.5 0 0 1 .5-.5zM8 5a.5.5 0 0 1 .5.5v7a.5.5 0 0 1-1 0v-7A.5.5 0 0 1 8 5zm3 .5v7a.5.5 0 0 1-1 0v-7a.5.5 0 0 1 1 0z"
              />
            </svg>
          </button>
        </td>
      </tr>
      <tr>
        <td>
          1
        </td>
        <td>
          Nick
        </td>
        <td>
          Gates
        </td>
        <td>
          graphic designer
        </td>
        <td>
          <button
            class="btn btn-danger"
            type="button"
          >
            <svg
              fill="currentColor"
              height="1em"
              stroke="currentColor"
              stroke-width="0"
              viewBox="0 0 16 16"
              width="1em"
              xmlns="http://www.w3.org/2000/svg"
            >
              <path
                d="M2.5 1a1 1 0 0 0-1 1v1a1 1 0 0 0 1 1H3v9a2 2 0 0 0 2 2h6a2 2 0 0 0 2-2V4h.5a1 1 0 0 0 1-1V2a1 1 0 0 0-1-1H10a1 1 0 0 0-1-1H7a1 1 0 0 0-1 1H2.5zm3 4a.5.5 0 0 1 .5.5v7a.5.5 0 0 1-1 0v-7a.5.5 0 0 1 .5-.5zM8 5a.5.5 0 0 1 .5.5v7a.5.5 0 0 1-1 0v-7A.5.5 0 0 1 8 5zm3 .5v7a.5.5 0 0 1-1 0v-7a.5.5 0 0 1 1 0z"
              />
            </svg>
          </button>
        </td>
      </tr>
    </tbody>
  </table>
</div>
`;
