// Jest Snapshot v1, https://goo.gl/fbAQLP

exports[`Tasks list: done list 1`] = `
<div>
  <div
    class="task card"
  >
    <div
      class="card-body"
    >
      <div
        class="row"
      >
        <div
          class="col-md-1"
        >
          <div
            class="done"
            data-testid="check-task4"
          >
            <svg
              fill="currentColor"
              height="1.5em"
              stroke="currentColor"
              stroke-width="0"
              viewBox="0 0 16 16"
              width="1.5em"
              xmlns="http://www.w3.org/2000/svg"
            >
              <path
                d="M16 8A8 8 0 1 1 0 8a8 8 0 0 1 16 0zm-3.97-3.03a.75.75 0 0 0-1.08.022L7.477 9.417 5.384 7.323a.75.75 0 0 0-1.06 1.06L6.97 11.03a.75.75 0 0 0 1.079-.02l3.992-4.99a.75.75 0 0 0-.01-1.05z"
              />
            </svg>
          </div>
        </div>
        <div
          class="col-md-4"
        >
          <span
            class="pointer"
            data-testid="title-task4"
          >
            Develop the landing page.
          </span>
        </div>
        <div
          class="col-md-3"
        >
          John Doe
        </div>
        <div
          class="col-md-2"
        >
          Finished on: 2020-02-13
        </div>
        <div
          class="col-md-2"
        >
          <button
            class="btn btn-outline-danger"
            data-testid="delete-button-task4"
            type="button"
          >
            <svg
              fill="currentColor"
              height="1em"
              stroke="currentColor"
              stroke-width="0"
              viewBox="0 0 16 16"
              width="1em"
              xmlns="http://www.w3.org/2000/svg"
            >
              <path
                d="M2.5 1a1 1 0 0 0-1 1v1a1 1 0 0 0 1 1H3v9a2 2 0 0 0 2 2h6a2 2 0 0 0 2-2V4h.5a1 1 0 0 0 1-1V2a1 1 0 0 0-1-1H10a1 1 0 0 0-1-1H7a1 1 0 0 0-1 1H2.5zm3 4a.5.5 0 0 1 .5.5v7a.5.5 0 0 1-1 0v-7a.5.5 0 0 1 .5-.5zM8 5a.5.5 0 0 1 .5.5v7a.5.5 0 0 1-1 0v-7A.5.5 0 0 1 8 5zm3 .5v7a.5.5 0 0 1-1 0v-7a.5.5 0 0 1 1 0z"
              />
            </svg>
          </button>
        </div>
      </div>
    </div>
  </div>
  <div
    class="task card"
  >
    <div
      class="card-body"
    >
      <div
        class="row"
      >
        <div
          class="col-md-1"
        >
          <div
            class="done"
            data-testid="check-task3"
          >
            <svg
              fill="currentColor"
              height="1.5em"
              stroke="currentColor"
              stroke-width="0"
              viewBox="0 0 16 16"
              width="1.5em"
              xmlns="http://www.w3.org/2000/svg"
            >
              <path
                d="M16 8A8 8 0 1 1 0 8a8 8 0 0 1 16 0zm-3.97-3.03a.75.75 0 0 0-1.08.022L7.477 9.417 5.384 7.323a.75.75 0 0 0-1.06 1.06L6.97 11.03a.75.75 0 0 0 1.079-.02l3.992-4.99a.75.75 0 0 0-.01-1.05z"
              />
            </svg>
          </div>
        </div>
        <div
          class="col-md-4"
        >
          <span
            class="pointer"
            data-testid="title-task3"
          >
            Fix the production bugs
          </span>
        </div>
        <div
          class="col-md-3"
        >
          John Doe
        </div>
        <div
          class="col-md-2"
        >
          Finished on: 2020-01-01
        </div>
        <div
          class="col-md-2"
        >
          <button
            class="btn btn-outline-danger"
            data-testid="delete-button-task3"
            type="button"
          >
            <svg
              fill="currentColor"
              height="1em"
              stroke="currentColor"
              stroke-width="0"
              viewBox="0 0 16 16"
              width="1em"
              xmlns="http://www.w3.org/2000/svg"
            >
              <path
                d="M2.5 1a1 1 0 0 0-1 1v1a1 1 0 0 0 1 1H3v9a2 2 0 0 0 2 2h6a2 2 0 0 0 2-2V4h.5a1 1 0 0 0 1-1V2a1 1 0 0 0-1-1H10a1 1 0 0 0-1-1H7a1 1 0 0 0-1 1H2.5zm3 4a.5.5 0 0 1 .5.5v7a.5.5 0 0 1-1 0v-7a.5.5 0 0 1 .5-.5zM8 5a.5.5 0 0 1 .5.5v7a.5.5 0 0 1-1 0v-7A.5.5 0 0 1 8 5zm3 .5v7a.5.5 0 0 1-1 0v-7a.5.5 0 0 1 1 0z"
              />
            </svg>
          </button>
        </div>
      </div>
    </div>
  </div>
</div>
`;
