// Jest Snapshot v1, https://goo.gl/fbAQLP

exports[`App snapshot test 1`] = `
<div
  className="container"
>
  <h1>
    Work It
  </h1>
  <button
    className="btn btn-outline-primary"
    disabled={false}
    type="button"
  >
    Bootstrap loaded
  </button>
</div>
`;
