// Jest Snapshot v1, https://goo.gl/fbAQLP

exports[`Users component: displays a list of users 1`] = `
<ul>
  <li>
    George
    , role: 
    developer
  </li>
  <li>
    Nick
    , role: 
    graphic designer
  </li>
</ul>
`;
